// Jest Snapshot v1, https://goo.gl/fbAQLP

exports[`<Layout /> it renders correctly 1`] = `ShallowWrapper {}`;
